2026-09-25 15:56:30,649 | INFO | {"ts": "2026-09-25T15:56:30Z", "event": "LOGIN_SUCCESS", "user": "eliezer.tanoh@paymetrust.net", "result": "OK", "details": {"method": "email_password"}}
2026-09-25 15:57:00,711 | INFO | {"ts": "2026-09-25T15:57:00Z", "event": "LOGIN_SUCCESS", "user": "parfait.ngoran@paymetrust.net", "result": "OK", "details": {"method": "email_password"}}
2026-09-25 16:06:22,564 | INFO | {"ts": "2026-09-25T16:06:22Z", "event": "FILE_UPLOADED", "user": "parfait.ngoran@paymetrust.net", "result": "OK", "details": {"filename": "20260920_MOOV_CI_extraction_2026-09-19.csv", "size_bytes": 15355318, "kind": "PMT"}}
2026-09-25 16:06:22,565 | INFO | {"ts": "2026-09-25T16:06:22Z", "event": "FILE_UPLOADED", "user": "parfait.ngoran@paymetrust.net", "result": "OK", "details": {"filename": "MOOVCI_PAYIN_ALL_260919.csv", "size_bytes": 13631523, "kind": "PARTENAIRE"}}
2026-09-25 16:06:24,780 | INFO | {"ts": "2026-09-25T16:06:24Z", "event": "FILE_UPLOADED", "user": "parfait.ngoran@paymetrust.net", "result": "OK", "details": {"filename": "20260920_MOOV_CI_extraction_2026-09-19.csv", "size_bytes": 15355318, "kind": "PMT"}}
2026-09-25 16:06:24,780 | INFO | {"ts": "2026-09-25T16:06:24Z", "event": "FILE_UPLOADED", "user": "parfait.ngoran@paymetrust.net", "result": "OK", "details": {"filename": "MOOVCI_PAYIN_ALL_260919.csv", "size_bytes": 13631523, "kind": "PARTENAIRE"}}
2026-09-25 16:06:24,936 | INFO | {"ts": "2026-09-25T16:06:24Z", "event": "FILE_UPLOADED", "user": "parfait.ngoran@paymetrust.net", "result": "OK", "details": {"filename": "20260920_MOOV_CI_extraction_2026-09-19.csv", "size_bytes": 15355318, "kind": "PMT"}}
2026-09-25 16:06:24,937 | INFO | {"ts": "2026-09-25T16:06:24Z", "event": "FILE_UPLOADED", "user": "parfait.ngoran@paymetrust.net", "result": "OK", "details": {"filename": "MOOVCI_PAYIN_ALL_260919.csv", "size_bytes": 13631523, "kind": "PARTENAIRE"}}
2026-09-25 16:06:28,119 | INFO | {"ts": "2026-09-25T16:06:28Z", "event": "FILE_UPLOADED", "user": "parfait.ngoran@paymetrust.net", "result": "OK", "details": {"filename": "20260920_MOOV_CI_extraction_2026-09-19.csv", "size_bytes": 15355318, "kind": "PMT"}}
2026-09-25 16:06:28,119 | INFO | {"ts": "2026-09-25T16:06:28Z", "event": "FILE_UPLOADED", "user": "parfait.ngoran@paymetrust.net", "result": "OK", "details": {"filename": "MOOVCI_PAYIN_ALL_260919.csv", "size_bytes": 13631523, "kind": "PARTENAIRE"}}
2026-09-25 16:06:30,238 | INFO | {"ts": "2026-09-25T16:06:30Z", "event": "FILE_UPLOADED", "user": "parfait.ngoran@paymetrust.net", "result": "OK", "details": {"filename": "20260920_MOOV_CI_extraction_2026-09-19.csv", "size_bytes": 15355318, "kind": "PMT"}}
2026-09-25 16:06:30,238 | INFO | {"ts": "2026-09-25T16:06:30Z", "event": "FILE_UPLOADED", "user": "parfait.ngoran@paymetrust.net", "result": "OK", "details": {"filename": "MOOVCI_PAYIN_ALL_260919.csv", "size_bytes": 13631523, "kind": "PARTENAIRE"}}
2026-09-25 16:06:31,928 | INFO | {"ts": "2026-09-25T16:06:31Z", "event": "FILE_UPLOADED", "user": "parfait.ngoran@paymetrust.net", "result": "OK", "details": {"filename": "20260920_MOOV_CI_extraction_2026-09-19.csv", "size_bytes": 15355318, "kind": "PMT"}}
2026-09-25 16:06:31,929 | INFO | {"ts": "2026-09-25T16:06:31Z", "event": "FILE_UPLOADED", "user": "parfait.ngoran@paymetrust.net", "result": "OK", "details": {"filename": "MOOVCI_PAYIN_ALL_260919.csv", "size_bytes": 13631523, "kind": "PARTENAIRE"}}
2026-09-25 16:06:32,042 | INFO | {"ts": "2026-09-25T16:06:32Z", "event": "FILE_UPLOADED", "user": "parfait.ngoran@paymetrust.net", "result": "OK", "details": {"filename": "20260920_MOOV_CI_extraction_2026-09-19.csv", "size_bytes": 15355318, "kind": "PMT"}}
2026-09-25 16:06:32,043 | INFO | {"ts": "2026-09-25T16:06:32Z", "event": "FILE_UPLOADED", "user": "parfait.ngoran@paymetrust.net", "result": "OK", "details": {"filename": "MOOVCI_PAYIN_ALL_260919.csv", "size_bytes": 13631523, "kind": "PARTENAIRE"}}
2026-09-25 16:06:32,046 | INFO | {"ts": "2026-09-25T16:06:32Z", "event": "RECONCILIATION_STARTED", "user": "parfait.ngoran@paymetrust.net", "result": "OK", "details": {"reco_type": "Payment", "partner": "Moov CI"}}
2026-09-25 16:06:35,387 | INFO | {"ts": "2026-09-25T16:06:35Z", "event": "RECONCILIATION_COMPLETED", "user": "parfait.ngoran@paymetrust.net", "result": "OK", "details": {"reco_type": "Payment", "partner": "Moov CI", "duration_sec": 3.34}}
2026-09-25 16:06:57,135 | INFO | {"ts": "2026-09-25T16:06:57Z", "event": "FILE_UPLOADED", "user": "parfait.ngoran@paymetrust.net", "result": "OK", "details": {"filename": "20260920_MOOV_CI_extraction_2026-09-19.csv", "size_bytes": 15355318, "kind": "PMT"}}
2026-09-25 16:06:57,135 | INFO | {"ts": "2026-09-25T16:06:57Z", "event": "FILE_UPLOADED", "user": "parfait.ngoran@paymetrust.net", "result": "OK", "details": {"filename": "MOOVCI_PAYIN_ALL_260919.csv", "size_bytes": 13631523, "kind": "PARTENAIRE"}}
2026-09-25 16:07:01,996 | INFO | {"ts": "2026-09-25T16:07:01Z", "event": "FILE_UPLOADED", "user": "parfait.ngoran@paymetrust.net", "result": "OK", "details": {"filename": "20260920_MOOV_CI_extraction_2026-09-19.csv", "size_bytes": 15355318, "kind": "PMT"}}
2026-09-25 16:07:01,996 | INFO | {"ts": "2026-09-25T16:07:01Z", "event": "FILE_UPLOADED", "user": "parfait.ngoran@paymetrust.net", "result": "OK", "details": {"filename": "MOOVCI_PAYIN_ALL_260919.csv", "size_bytes": 13631523, "kind": "PARTENAIRE"}}
2026-09-25 16:07:02,973 | INFO | {"ts": "2026-09-25T16:07:02Z", "event": "FILE_UPLOADED", "user": "parfait.ngoran@paymetrust.net", "result": "OK", "details": {"filename": "20260920_MOOV_CI_extraction_2026-09-19.csv", "size_bytes": 15355318, "kind": "PMT"}}
2026-09-25 16:07:02,973 | INFO | {"ts": "2026-09-25T16:07:02Z", "event": "FILE_UPLOADED", "user": "parfait.ngoran@paymetrust.net", "result": "OK", "details": {"filename": "MOOVCI_PAYIN_ALL_260919.csv", "size_bytes": 13631523, "kind": "PARTENAIRE"}}
2026-09-25 16:08:09,711 | INFO | {"ts": "2026-09-25T16:08:09Z", "event": "FILE_UPLOADED", "user": "parfait.ngoran@paymetrust.net", "result": "OK", "details": {"filename": "20260920_MOOV_CI_extraction_2026-09-19.csv", "size_bytes": 15355318, "kind": "PMT"}}
2026-09-25 16:08:09,711 | INFO | {"ts": "2026-09-25T16:08:09Z", "event": "FILE_UPLOADED", "user": "parfait.ngoran@paymetrust.net", "result": "OK", "details": {"filename": "MOOVCI_PAYIN_ALL_260919.csv", "size_bytes": 13631523, "kind": "PARTENAIRE"}}
2026-09-25 16:14:31,809 | INFO | {"ts": "2026-09-25T16:14:31Z", "event": "LOGIN_SUCCESS", "user": "parfait.ngoran@paymetrust.net", "result": "OK", "details": {"method": "email_password"}}
